// Jest Snapshot v1, https://goo.gl/fbAQLP

exports[`Options matches snapshot 1`] = `
ShallowWrapper {
  "length": 1,
  Symbol(enzyme.__root__): [Circular],
  Symbol(enzyme.__unrendered__): <Options
    storeOptionValue={[Function]}
    storeSelectedOption={[Function]}
    storeVoteBtnDisabled={[Function]}
/>,
  Symbol(enzyme.__renderer__): Object {
    "batchedUpdates": [Function],
    "getNode": [Function],
    "render": [Function],
    "simulateEvent": [Function],
    "unmount": [Function],
  },
  Symbol(enzyme.__node__): Object {
    "instance": null,
    "key": undefined,
    "nodeType": "host",
    "props": Object {
      "children": <ul>
        <li>
                <input
                        checked={false}
                        className="option1"
                        id="option1"
                        name="option1"
                        onChange={[Function]}
                        type="radio"
                        value="yes"
                />
                <div
                        className="check"
                />
                <label
                        htmlFor="option1"
                >
                        Yes
                </label>
        </li>
        <li>
                <input
                        checked={false}
                        id="option2"
                        name="option2"
                        onChange={[Function]}
                        type="radio"
                        value="no"
                />
                <div
                        className="check"
                />
                <label
                        htmlFor="option2"
                >
                        No
                </label>
        </li>
</ul>,
    },
    "ref": null,
    "rendered": Object {
      "instance": null,
      "key": undefined,
      "nodeType": "host",
      "props": Object {
        "children": Array [
          <li>
            <input
                        checked={false}
                        className="option1"
                        id="option1"
                        name="option1"
                        onChange={[Function]}
                        type="radio"
                        value="yes"
            />
            <div
                        className="check"
            />
            <label
                        htmlFor="option1"
            >
                        Yes
            </label>
</li>,
          <li>
            <input
                        checked={false}
                        id="option2"
                        name="option2"
                        onChange={[Function]}
                        type="radio"
                        value="no"
            />
            <div
                        className="check"
            />
            <label
                        htmlFor="option2"
            >
                        No
            </label>
</li>,
        ],
      },
      "ref": null,
      "rendered": Array [
        Object {
          "instance": null,
          "key": undefined,
          "nodeType": "host",
          "props": Object {
            "children": Array [
              <input
                checked={false}
                className="option1"
                id="option1"
                name="option1"
                onChange={[Function]}
                type="radio"
                value="yes"
/>,
              <div
                className="check"
/>,
              <label
                htmlFor="option1"
>
                Yes
</label>,
            ],
          },
          "ref": null,
          "rendered": Array [
            Object {
              "instance": null,
              "key": undefined,
              "nodeType": "host",
              "props": Object {
                "checked": false,
                "className": "option1",
                "id": "option1",
                "name": "option1",
                "onChange": [Function],
                "type": "radio",
                "value": "yes",
              },
              "ref": null,
              "rendered": null,
              "type": "input",
            },
            Object {
              "instance": null,
              "key": undefined,
              "nodeType": "host",
              "props": Object {
                "className": "check",
              },
              "ref": null,
              "rendered": null,
              "type": "div",
            },
            Object {
              "instance": null,
              "key": undefined,
              "nodeType": "host",
              "props": Object {
                "children": "Yes",
                "htmlFor": "option1",
              },
              "ref": null,
              "rendered": "Yes",
              "type": "label",
            },
          ],
          "type": "li",
        },
        Object {
          "instance": null,
          "key": undefined,
          "nodeType": "host",
          "props": Object {
            "children": Array [
              <input
                checked={false}
                id="option2"
                name="option2"
                onChange={[Function]}
                type="radio"
                value="no"
/>,
              <div
                className="check"
/>,
              <label
                htmlFor="option2"
>
                No
</label>,
            ],
          },
          "ref": null,
          "rendered": Array [
            Object {
              "instance": null,
              "key": undefined,
              "nodeType": "host",
              "props": Object {
                "checked": false,
                "id": "option2",
                "name": "option2",
                "onChange": [Function],
                "type": "radio",
                "value": "no",
              },
              "ref": null,
              "rendered": null,
              "type": "input",
            },
            Object {
              "instance": null,
              "key": undefined,
              "nodeType": "host",
              "props": Object {
                "className": "check",
              },
              "ref": null,
              "rendered": null,
              "type": "div",
            },
            Object {
              "instance": null,
              "key": undefined,
              "nodeType": "host",
              "props": Object {
                "children": "No",
                "htmlFor": "option2",
              },
              "ref": null,
              "rendered": "No",
              "type": "label",
            },
          ],
          "type": "li",
        },
      ],
      "type": "ul",
    },
    "type": "div",
  },
  Symbol(enzyme.__nodes__): Array [
    Object {
      "instance": null,
      "key": undefined,
      "nodeType": "host",
      "props": Object {
        "children": <ul>
          <li>
                    <input
                              checked={false}
                              className="option1"
                              id="option1"
                              name="option1"
                              onChange={[Function]}
                              type="radio"
                              value="yes"
                    />
                    <div
                              className="check"
                    />
                    <label
                              htmlFor="option1"
                    >
                              Yes
                    </label>
          </li>
          <li>
                    <input
                              checked={false}
                              id="option2"
                              name="option2"
                              onChange={[Function]}
                              type="radio"
                              value="no"
                    />
                    <div
                              className="check"
                    />
                    <label
                              htmlFor="option2"
                    >
                              No
                    </label>
          </li>
</ul>,
      },
      "ref": null,
      "rendered": Object {
        "instance": null,
        "key": undefined,
        "nodeType": "host",
        "props": Object {
          "children": Array [
            <li>
              <input
                            checked={false}
                            className="option1"
                            id="option1"
                            name="option1"
                            onChange={[Function]}
                            type="radio"
                            value="yes"
              />
              <div
                            className="check"
              />
              <label
                            htmlFor="option1"
              >
                            Yes
              </label>
</li>,
            <li>
              <input
                            checked={false}
                            id="option2"
                            name="option2"
                            onChange={[Function]}
                            type="radio"
                            value="no"
              />
              <div
                            className="check"
              />
              <label
                            htmlFor="option2"
              >
                            No
              </label>
</li>,
          ],
        },
        "ref": null,
        "rendered": Array [
          Object {
            "instance": null,
            "key": undefined,
            "nodeType": "host",
            "props": Object {
              "children": Array [
                <input
                  checked={false}
                  className="option1"
                  id="option1"
                  name="option1"
                  onChange={[Function]}
                  type="radio"
                  value="yes"
/>,
                <div
                  className="check"
/>,
                <label
                  htmlFor="option1"
>
                  Yes
</label>,
              ],
            },
            "ref": null,
            "rendered": Array [
              Object {
                "instance": null,
                "key": undefined,
                "nodeType": "host",
                "props": Object {
                  "checked": false,
                  "className": "option1",
                  "id": "option1",
                  "name": "option1",
                  "onChange": [Function],
                  "type": "radio",
                  "value": "yes",
                },
                "ref": null,
                "rendered": null,
                "type": "input",
              },
              Object {
                "instance": null,
                "key": undefined,
                "nodeType": "host",
                "props": Object {
                  "className": "check",
                },
                "ref": null,
                "rendered": null,
                "type": "div",
              },
              Object {
                "instance": null,
                "key": undefined,
                "nodeType": "host",
                "props": Object {
                  "children": "Yes",
                  "htmlFor": "option1",
                },
                "ref": null,
                "rendered": "Yes",
                "type": "label",
              },
            ],
            "type": "li",
          },
          Object {
            "instance": null,
            "key": undefined,
            "nodeType": "host",
            "props": Object {
              "children": Array [
                <input
                  checked={false}
                  id="option2"
                  name="option2"
                  onChange={[Function]}
                  type="radio"
                  value="no"
/>,
                <div
                  className="check"
/>,
                <label
                  htmlFor="option2"
>
                  No
</label>,
              ],
            },
            "ref": null,
            "rendered": Array [
              Object {
                "instance": null,
                "key": undefined,
                "nodeType": "host",
                "props": Object {
                  "checked": false,
                  "id": "option2",
                  "name": "option2",
                  "onChange": [Function],
                  "type": "radio",
                  "value": "no",
                },
                "ref": null,
                "rendered": null,
                "type": "input",
              },
              Object {
                "instance": null,
                "key": undefined,
                "nodeType": "host",
                "props": Object {
                  "className": "check",
                },
                "ref": null,
                "rendered": null,
                "type": "div",
              },
              Object {
                "instance": null,
                "key": undefined,
                "nodeType": "host",
                "props": Object {
                  "children": "No",
                  "htmlFor": "option2",
                },
                "ref": null,
                "rendered": "No",
                "type": "label",
              },
            ],
            "type": "li",
          },
        ],
        "type": "ul",
      },
      "type": "div",
    },
  ],
  Symbol(enzyme.__options__): Object {
    "adapter": ReactSixteenAdapter {
      "options": Object {
        "enableComponentDidUpdateOnSetState": true,
      },
    },
  },
}
`;
